
PC-06@DESKTOP-91BTRGU MINGW64 ~/Desktop/EvalUnidad2 (main)
$ cd backend

PC-06@DESKTOP-91BTRGU MINGW64 ~/Desktop/EvalUnidad2/backend (main)
$ mkdir EntornoVirtualApi

PC-06@DESKTOP-91BTRGU MINGW64 ~/Desktop/EvalUnidad2/backend (main)
$ cd EntornoVirtualApi

PC-06@DESKTOP-91BTRGU MINGW64 ~/Desktop/EvalUnidad2/backend/EntornoVirtualApi (main)
$ py -m venv EntornoV-API

PC-06@DESKTOP-91BTRGU MINGW64 ~/Desktop/EvalUnidad2/backend/EntornoVirtualApi (main)
$ ls
EntornoV-API/

PC-06@DESKTOP-91BTRGU MINGW64 ~/Desktop/EvalUnidad2/backend/EntornoVirtualApi (main)
$ EntornoV-API/Scripts/activate

PC-06@DESKTOP-91BTRGU MINGW64 ~/Desktop/EvalUnidad2/backend/EntornoVirtualApi (main)
$ cd ls
bash: cd: ls: No such file or directory

PC-06@DESKTOP-91BTRGU MINGW64 ~/Desktop/EvalUnidad2/backend/EntornoVirtualApi (main)
$ cd ..

PC-06@DESKTOP-91BTRGU MINGW64 ~/Desktop/EvalUnidad2/backend (main)
$ py app.py
Bienvenido a mi aplicaci√≥n
PC-06@DESKTOP-91BTRGU MINGW64 ~/Desktop/EvalUnidad2/backend (main)
$ pip install fastapi uvicorn

PC-06@DESKTOP-91BTRGU MINGW64 ~/Desktop/EvalUnidad2/backend (main)
$ uvicorn app:app